✖ [2374/2404] Building TDCSG.Definitions.Core (9.8s)
trace: .> LEAN_PATH=/Users/eric/Documents/GitHub/TDCSG/.lake/packages/batteries/.lake/build/lib/lean:/Users/eric/Documents/GitHub/TDCSG/.lake/packages/Qq/.lake/build/lib/lean:/Users/eric/Documents/GitHub/TDCSG/.lake/packages/aesop/.lake/build/lib/lean:/Users/eric/Documents/GitHub/TDCSG/.lake/packages/proofwidgets/.lake/build/lib/lean:/Users/eric/Documents/GitHub/TDCSG/.lake/packages/importGraph/.lake/build/lib/lean:/Users/eric/Documents/GitHub/TDCSG/.lake/packages/LeanSearchClient/.lake/build/lib/lean:/Users/eric/Documents/GitHub/TDCSG/.lake/packages/plausible/.lake/build/lib/lean:/Users/eric/Documents/GitHub/TDCSG/.lake/packages/MD4Lean/.lake/build/lib/lean:/Users/eric/Documents/GitHub/TDCSG/.lake/packages/BibtexQuery/.lake/build/lib/lean:/Users/eric/Documents/GitHub/TDCSG/.lake/packages/UnicodeBasic/.lake/build/lib/lean:/Users/eric/Documents/GitHub/TDCSG/.lake/packages/Cli/.lake/build/lib/lean:/Users/eric/Documents/GitHub/TDCSG/.lake/packages/mathlib/.lake/build/lib/lean:/Users/eric/Documents/GitHub/TDCSG/.lake/packages/doc-gen4/.lake/build/lib/lean:/Users/eric/Documents/GitHub/TDCSG/.lake/build/lib/lean /Users/eric/.elan/toolchains/leanprover--lean4---v4.26.0-rc2/bin/lean /Users/eric/Documents/GitHub/TDCSG/TDCSG/Definitions/Core.lean -o /Users/eric/Documents/GitHub/TDCSG/.lake/build/lib/lean/TDCSG/Definitions/Core.olean -i /Users/eric/Documents/GitHub/TDCSG/.lake/build/lib/lean/TDCSG/Definitions/Core.ilean -c /Users/eric/Documents/GitHub/TDCSG/.lake/build/ir/TDCSG/Definitions/Core.c --setup /Users/eric/Documents/GitHub/TDCSG/.lake/build/ir/TDCSG/Definitions/Core.setup.json --json
error: TDCSG/Definitions/Core.lean:102:2: unexpected token 'end'; expected 'lemma'
error: Lean exited with code 1
Some required targets logged failures:
- TDCSG.Definitions.Core

error: build failed
